test_01_supported_plaintext_file_authoring_search_gap (__main__.Tests.test_01_supported_plaintext_file_authoring_search_gap) ... ok
test_02_note_supported_text_full_search_and_preview (__main__.Tests.test_02_note_supported_text_full_search_and_preview) ... ok
test_03_external_app_save_and_manual_UI_refresh_only (__main__.Tests.test_03_external_app_save_and_manual_UI_refresh_only) ... ok
test_04_incomplete_attempt_diagnostic_not_retained (__main__.Tests.test_04_incomplete_attempt_diagnostic_not_retained) ... ERROR
test_05_locator_get_does_not_fetch_and_note_unknown_not_raw (__main__.Tests.test_05_locator_get_does_not_fetch_and_note_unknown_not_raw) ... ok
test_06_exact_replay_accepted_receipt_survives_journal_damage (__main__.Tests.test_06_exact_replay_accepted_receipt_survives_journal_damage) ... ERROR
test_07_first_variant_workspace_quota_is_not_global_Bank_limit (__main__.Tests.test_07_first_variant_workspace_quota_is_not_global_Bank_limit) ... ok
test_08_byte_limit_policy_is_frozen_and_semantic_revision_not_persistent_properties (__main__.Tests.test_08_byte_limit_policy_is_frozen_and_semantic_revision_not_persistent_properties) ... ERROR

======================================================================
ERROR: test_04_incomplete_attempt_diagnostic_not_retained (__main__.Tests.test_04_incomplete_attempt_diagnostic_not_retained)
----------------------------------------------------------------------
Traceback (most recent call last):
  File "C:\Users\alexa\research_and_bank\EXPERIMENTS\full_target_review\20261008_033045\TARGET_COUNTERPROBES.py", line 54, in test_04_incomplete_attempt_diagnostic_not_retained
    with fixture() as h:
         ~~~~~~~^^
  File "C:\Users\alexa\AppData\Local\Python\pythoncore-3.14-64\Lib\contextlib.py", line 148, in __exit__
    next(self.gen)
    ~~~~^^^^^^^^^^
  File "C:\Users\alexa\research_and_bank\EXPERIMENTS\full_target_review\20261008_033045\TARGET_COUNTERPROBES.py", line 14, in fixture
    finally:h.tearDown()
            ~~~~~~~~~~^^
  File "C:\Users\alexa\research_and_bank\EXPERIMENTS\draft_authoring\test_authoring.py", line 14, in tearDown
    def tearDown(self):self.h.tearDown()
                       ~~~~~~~~~~~~~~~^^
  File "C:\Users\alexa\research_and_bank\EXPERIMENTS\local_ui\test_ui.py", line 14, in tearDown
    def tearDown(self):self.h.tearDown()
                       ~~~~~~~~~~~~~~~^^
  File "C:\Users\alexa\research_and_bank\EXPERIMENTS\package_producer\test_producer.py", line 13, in tearDown
    def tearDown(self):self.h.tearDown()
                       ~~~~~~~~~~~~~~~^^
  File "C:\Users\alexa\research_and_bank\EXPERIMENTS\local_command_adapter\test_commands.py", line 45, in tearDown
    self.f.tearDown()
    ~~~~~~~~~~~~~~~^^
  File "C:\Users\alexa\research_and_bank\EXPERIMENTS\sqlite_importer\test_importer.py", line 44, in tearDown
    shutil.rmtree(self.temp)
    ~~~~~~~~~~~~~^^^^^^^^^^^
  File "C:\Users\alexa\AppData\Local\Python\pythoncore-3.14-64\Lib\shutil.py", line 852, in rmtree
    _rmtree_impl(path, dir_fd, onexc)
    ~~~~~~~~~~~~^^^^^^^^^^^^^^^^^^^^^
  File "C:\Users\alexa\AppData\Local\Python\pythoncore-3.14-64\Lib\shutil.py", line 705, in _rmtree_unsafe
    onexc(os.unlink, fullname, err)
    ~~~~~^^^^^^^^^^^^^^^^^^^^^^^^^^
  File "C:\Users\alexa\AppData\Local\Python\pythoncore-3.14-64\Lib\shutil.py", line 701, in _rmtree_unsafe
    os.unlink(fullname)
    ~~~~~~~~~^^^^^^^^^^
PermissionError: [WinError 32] Процесс не может получить доступ к файлу, так как этот файл занят другим процессом: 'C:\\Users\\alexa\\AppData\\Local\\Temp\\bank-importer-test-5f12tlp9\\store\\bank.sqlite'

======================================================================
ERROR: test_06_exact_replay_accepted_receipt_survives_journal_damage (__main__.Tests.test_06_exact_replay_accepted_receipt_survives_journal_damage)
----------------------------------------------------------------------
Traceback (most recent call last):
  File "C:\Users\alexa\research_and_bank\EXPERIMENTS\full_target_review\20261008_033045\TARGET_COUNTERPROBES.py", line 65, in test_06_exact_replay_accepted_receipt_survives_journal_damage
    with fixture() as h:
         ~~~~~~~^^
  File "C:\Users\alexa\AppData\Local\Python\pythoncore-3.14-64\Lib\contextlib.py", line 148, in __exit__
    next(self.gen)
    ~~~~^^^^^^^^^^
  File "C:\Users\alexa\research_and_bank\EXPERIMENTS\full_target_review\20261008_033045\TARGET_COUNTERPROBES.py", line 14, in fixture
    finally:h.tearDown()
            ~~~~~~~~~~^^
  File "C:\Users\alexa\research_and_bank\EXPERIMENTS\draft_authoring\test_authoring.py", line 14, in tearDown
    def tearDown(self):self.h.tearDown()
                       ~~~~~~~~~~~~~~~^^
  File "C:\Users\alexa\research_and_bank\EXPERIMENTS\local_ui\test_ui.py", line 14, in tearDown
    def tearDown(self):self.h.tearDown()
                       ~~~~~~~~~~~~~~~^^
  File "C:\Users\alexa\research_and_bank\EXPERIMENTS\package_producer\test_producer.py", line 13, in tearDown
    def tearDown(self):self.h.tearDown()
                       ~~~~~~~~~~~~~~~^^
  File "C:\Users\alexa\research_and_bank\EXPERIMENTS\local_command_adapter\test_commands.py", line 45, in tearDown
    self.f.tearDown()
    ~~~~~~~~~~~~~~~^^
  File "C:\Users\alexa\research_and_bank\EXPERIMENTS\sqlite_importer\test_importer.py", line 44, in tearDown
    shutil.rmtree(self.temp)
    ~~~~~~~~~~~~~^^^^^^^^^^^
  File "C:\Users\alexa\AppData\Local\Python\pythoncore-3.14-64\Lib\shutil.py", line 852, in rmtree
    _rmtree_impl(path, dir_fd, onexc)
    ~~~~~~~~~~~~^^^^^^^^^^^^^^^^^^^^^
  File "C:\Users\alexa\AppData\Local\Python\pythoncore-3.14-64\Lib\shutil.py", line 705, in _rmtree_unsafe
    onexc(os.unlink, fullname, err)
    ~~~~~^^^^^^^^^^^^^^^^^^^^^^^^^^
  File "C:\Users\alexa\AppData\Local\Python\pythoncore-3.14-64\Lib\shutil.py", line 701, in _rmtree_unsafe
    os.unlink(fullname)
    ~~~~~~~~~^^^^^^^^^^
PermissionError: [WinError 32] Процесс не может получить доступ к файлу, так как этот файл занят другим процессом: 'C:\\Users\\alexa\\AppData\\Local\\Temp\\bank-importer-test-sa5zszv0\\store\\bank.sqlite'

======================================================================
ERROR: test_08_byte_limit_policy_is_frozen_and_semantic_revision_not_persistent_properties (__main__.Tests.test_08_byte_limit_policy_is_frozen_and_semantic_revision_not_persistent_properties)
----------------------------------------------------------------------
Traceback (most recent call last):
  File "C:\Users\alexa\research_and_bank\EXPERIMENTS\full_target_review\20261008_033045\TARGET_COUNTERPROBES.py", line 75, in test_08_byte_limit_policy_is_frozen_and_semantic_revision_not_persistent_properties
    with fixture() as h:
         ~~~~~~~^^
  File "C:\Users\alexa\AppData\Local\Python\pythoncore-3.14-64\Lib\contextlib.py", line 148, in __exit__
    next(self.gen)
    ~~~~^^^^^^^^^^
  File "C:\Users\alexa\research_and_bank\EXPERIMENTS\full_target_review\20261008_033045\TARGET_COUNTERPROBES.py", line 14, in fixture
    finally:h.tearDown()
            ~~~~~~~~~~^^
  File "C:\Users\alexa\research_and_bank\EXPERIMENTS\draft_authoring\test_authoring.py", line 14, in tearDown
    def tearDown(self):self.h.tearDown()
                       ~~~~~~~~~~~~~~~^^
  File "C:\Users\alexa\research_and_bank\EXPERIMENTS\local_ui\test_ui.py", line 14, in tearDown
    def tearDown(self):self.h.tearDown()
                       ~~~~~~~~~~~~~~~^^
  File "C:\Users\alexa\research_and_bank\EXPERIMENTS\package_producer\test_producer.py", line 13, in tearDown
    def tearDown(self):self.h.tearDown()
                       ~~~~~~~~~~~~~~~^^
  File "C:\Users\alexa\research_and_bank\EXPERIMENTS\local_command_adapter\test_commands.py", line 45, in tearDown
    self.f.tearDown()
    ~~~~~~~~~~~~~~~^^
  File "C:\Users\alexa\research_and_bank\EXPERIMENTS\sqlite_importer\test_importer.py", line 44, in tearDown
    shutil.rmtree(self.temp)
    ~~~~~~~~~~~~~^^^^^^^^^^^
  File "C:\Users\alexa\AppData\Local\Python\pythoncore-3.14-64\Lib\shutil.py", line 852, in rmtree
    _rmtree_impl(path, dir_fd, onexc)
    ~~~~~~~~~~~~^^^^^^^^^^^^^^^^^^^^^
  File "C:\Users\alexa\AppData\Local\Python\pythoncore-3.14-64\Lib\shutil.py", line 705, in _rmtree_unsafe
    onexc(os.unlink, fullname, err)
    ~~~~~^^^^^^^^^^^^^^^^^^^^^^^^^^
  File "C:\Users\alexa\AppData\Local\Python\pythoncore-3.14-64\Lib\shutil.py", line 701, in _rmtree_unsafe
    os.unlink(fullname)
    ~~~~~~~~~^^^^^^^^^^
PermissionError: [WinError 32] Процесс не может получить доступ к файлу, так как этот файл занят другим процессом: 'C:\\Users\\alexa\\AppData\\Local\\Temp\\bank-importer-test-iyt0ge20\\store\\bank.sqlite'

----------------------------------------------------------------------
Ran 8 tests in 55.925s

FAILED (errors=3)
FINAL {"success": false, "tests_run": 8, "skipped": 0, "failures": 0, "errors": 3, "elapsed_seconds": 55.95282750000479}
